[dotenv@17.2.3] injecting env (3) from .env -- tip: ÔÜÖ´©Å  suppress all logs with { quiet: true }
Testing connection with URI: mongodb+srv://bhoomikagudi_db_user:****@cluster0.xxxxx.mongodb.net/cluster0
